// Jest Snapshot v1, https://goo.gl/fbAQLP

exports[`should return correctly with name and from 1`] = `"import abc = require(\\"xyz\\");"`;
