// Jest Snapshot v1, https://goo.gl/fbAQLP

exports[`should return correctly 1`] = `"infer T"`;
