// Jest Snapshot v1, https://goo.gl/fbAQLP

exports[`should return correctly 1`] = `
"{
    fn(): any;
    [key: string]: any;
}"
`;

exports[`should return correctly with numerical name 1`] = `
"{
    0: any;
}"
`;
